$ npm init -y
Windows Error: npm: file ... cannot be loaded brcause running script is disable on this system ...
Solution
	1. Open Power Sell
		> Get-ExecutionPolicy
		...
		> Set-ExecutionPolicy RemoteSigned -Scope CurrentUser
		(y): y



$ npm init -y
$ npm i express socket.io
$ npm i -D nodemon

frontend/
	$ npm create vite@latest .
	y
	> React
	> JavaScript
	$ npm install
	$ npm i socket.io-client
	$ npm run dev
		http://localhost:5173/		(open in browser)
		
	$ npm i @monaco-editor/react
	$ npm i axios
	
backend/
	$ npm i axios

$ npm run dev
